{
  "expected_domains": [
    "xxxxxxxxxxxxxxxxxxxxxxxxxxxxxxxxxxxxxxxxxxxxxxxxxxxx.exfil.lab.test.",
    "a1.a2.a3.a4.a5.a6.a7.a8.deep.lab.test.",
    "large-txt.data.test.",
    "k3j9qv7apd0zmxwq2y8n3b5.dga.lab.test."
  ],
  "notes": "Entropy of the DGA-like label should be high; long-label and deep-chain will be caught by structure/length rules; TXT query should trigger txt_ratio heuristic."
}
